mahdi@mini MINGW64 ~
$ mkdir a100-dev

mahdi@mini MINGW64 ~
$ cd ..


mahdi@mini MINGW64 /c/Users
$

mahdi@mini MINGW64 /c/Users
$ cd
All Users/    Default User/ mahdi/
Default/      desktop.ini   Public/

mahdi@mini MINGW64 /c/Users
$ cd
All Users/    Default User/ mahdi/
Default/      desktop.ini   Public/

mahdi@mini MINGW64 /c/Users
$ cd mahdi/

mahdi@mini MINGW64 ~
$ cd a100-dev/

mahdi@mini MINGW64 ~/a100-dev
$ mkdir git-foundation

mahdi@mini MINGW64 ~/a100-dev
$ cd git-foundation

mahdi@mini MINGW64 ~/a100-dev/git-foundation
$ git init
Initialized empty Git repository in C:/Users/mahdi/a100-dev/git-foundation/.git/

mahdi@mini MINGW64 ~/a100-dev/git-foundation (master)
$ ls

mahdi@mini MINGW64 ~/a100-dev/git-foundation (master)
$ ls -a
./  ../  .git/

mahdi@mini MINGW64 ~/a100-dev/git-foundation (master)
$ git status
On branch master

Initial commit

nothing to commit (create/copy files and use "git add" to track)

mahdi@mini MINGW64 ~/a100-dev/git-foundation (master)
$ touch list.txt

mahdi@mini MINGW64 ~/a100-dev/git-foundation (master)
$ ls
list.txt

mahdi@mini MINGW64 ~/a100-dev/git-foundation (master)
$ git status
On branch master

Initial commit

Untracked files:
  (use "git add <file>..." to include in what will be committed)

        list.txt

nothing added to commit but untracked files present (use "git add" to track)

mahdi@mini MINGW64 ~/a100-dev/git-foundation (master)
$ git add list.txt

mahdi@mini MINGW64 ~/a100-dev/git-foundation (master)
$ ls
list.txt

mahdi@mini MINGW64 ~/a100-dev/git-foundation (master)
$ git status
On branch master

Initial commit

Changes to be committed:
  (use "git rm --cached <file>..." to unstage)

        new file:   list.txt


mahdi@mini MINGW64 ~/a100-dev/git-foundation (master)
$ touch file.1 file.2

mahdi@mini MINGW64 ~/a100-dev/git-foundation (master)
$ ls
file.1  file.2  list.txt

mahdi@mini MINGW64 ~/a100-dev/git-foundation (master)
$ git add .

mahdi@mini MINGW64 ~/a100-dev/git-foundation (master)
$ git status
On branch master

Initial commit

Changes to be committed:
  (use "git rm --cached <file>..." to unstage)

        new file:   file.1
        new file:   file.2
        new file:   list.txt


mahdi@mini MINGW64 ~/a100-dev/git-foundation (master)
$ git commit -m "Initial commit"
[master (root-commit) de6e56e] Initial commit
 3 files changed, 0 insertions(+), 0 deletions(-)
 create mode 100644 file.1
 create mode 100644 file.2
 create mode 100644 list.txt

mahdi@mini MINGW64 ~/a100-dev/git-foundation (master)
$ git log
commit de6e56e8793035d3d9ce279416f336f137774d1a
Author: mahdi saeikhalili <mahdi saeikhalili>
Date:   Mon Jun 27 18:26:32 2016 -0400

    Initial commit

mahdi@mini MINGW64 ~/a100-dev/git-foundation (master)
$ rm file.1

mahdi@mini MINGW64 ~/a100-dev/git-foundation (master)
$ git status
On branch master
Changes not staged for commit:
  (use "git add/rm <file>..." to update what will be committed)
  (use "git checkout -- <file>..." to discard changes in working directory)

        deleted:    file.1

no changes added to commit (use "git add" and/or "git commit -a")

mahdi@mini MINGW64 ~/a100-dev/git-foundation (master)
$ git rm file.1
rm 'file.1'

mahdi@mini MINGW64 ~/a100-dev/git-foundation (master)
$
-------------------------------------------------------------------------
mahdi@mini MINGW64 ~/a100-dev/git-foundation (master)
$ git add .

mahdi@mini MINGW64 ~/a100-dev/git-foundation (master)
$ git status
On branch master

Initial commit

Changes to be committed:
  (use "git rm --cached <file>..." to unstage)

        new file:   file.1
        new file:   file.2
        new file:   list.txt


mahdi@mini MINGW64 ~/a100-dev/git-foundation (master)
$ git commit -m "Initial commit"
[master (root-commit) de6e56e] Initial commit
 3 files changed, 0 insertions(+), 0 deletions(-)
 create mode 100644 file.1
 create mode 100644 file.2
 create mode 100644 list.txt

mahdi@mini MINGW64 ~/a100-dev/git-foundation (master)
$ git log
commit de6e56e8793035d3d9ce279416f336f137774d1a
Author: mahdi saeikhalili <mahdi saeikhalili>
Date:   Mon Jun 27 18:26:32 2016 -0400

    Initial commit

mahdi@mini MINGW64 ~/a100-dev/git-foundation (master)
$ rm file.1

mahdi@mini MINGW64 ~/a100-dev/git-foundation (master)
$ git status
On branch master
Changes not staged for commit:
  (use "git add/rm <file>..." to update what will be committed)
  (use "git checkout -- <file>..." to discard changes in working directory)

        deleted:    file.1

no changes added to commit (use "git add" and/or "git commit -a")

mahdi@mini MINGW64 ~/a100-dev/git-foundation (master)
$ git rm file.1
rm 'file.1'

mahdi@mini MINGW64 ~/a100-dev/git-foundation (master)
$ ^C

mahdi@mini MINGW64 ~/a100-dev/git-foundation (master)
$ clear

mahdi@mini MINGW64 ~/a100-dev/git-foundation (master)
$ touch a.cat

mahdi@mini MINGW64 ~/a100-dev/git-foundation (master)
$ git status
On branch master
Changes to be committed:
  (use "git reset HEAD <file>..." to unstage)

        deleted:    file.1

Untracked files:
  (use "git add <file>..." to include in what will be committed)

        a.cat


mahdi@mini MINGW64 ~/a100-dev/git-foundation (master)
$ touch b.cat c.cat

mahdi@mini MINGW64 ~/a100-dev/git-foundation (master)
$ git add .

mahdi@mini MINGW64 ~/a100-dev/git-foundation (master)
$ git statud
git: 'statud' is not a git command. See 'git --help'.

Did you mean this?
        status

mahdi@mini MINGW64 ~/a100-dev/git-foundation (master)
$ git status
On branch master
Changes to be committed:
  (use "git reset HEAD <file>..." to unstage)

        renamed:    file.1 -> a.cat
        new file:   b.cat
        new file:   c.cat


mahdi@mini MINGW64 ~/a100-dev/git-foundation (master)
$ git reset c.cat

mahdi@mini MINGW64 ~/a100-dev/git-foundation (master)
$ git status
On branch master
Changes to be committed:
  (use "git reset HEAD <file>..." to unstage)

        renamed:    file.1 -> a.cat
        new file:   b.cat

Untracked files:
  (use "git add <file>..." to include in what will be committed)

        c.cat


mahdi@mini MINGW64 ~/a100-dev/git-foundation (master)
$ git commit -m "add cats"
[master dc8af58] add cats
 2 files changed, 0 insertions(+), 0 deletions(-)
 rename file.1 => a.cat (100%)
 create mode 100644 b.cat

mahdi@mini MINGW64 ~/a100-dev/git-foundation (master)
$ git status
On branch master
Untracked files:
  (use "git add <file>..." to include in what will be committed)

        c.cat

nothing added to commit but untracked files present (use "git add" to track)

mahdi@mini MINGW64 ~/a100-dev/git-foundation (master)
$ git remote add origin https://github.com/msaei/git-foundations.git

mahdi@mini MINGW64 ~/a100-dev/git-foundation (master)
$ git remote -v
origin  https://github.com/msaei/git-foundations.git (fetch)
origin  https://github.com/msaei/git-foundations.git (push)

mahdi@mini MINGW64 ~/a100-dev/git-foundation (master)
$ git push origin master
Logon failed, use ctrl+c to cancel basic credential prompt.
Username for 'https://github.com/':
error: unable to read askpass response from 'C:/Program Files/Git/mingw64/libexec/git-core/git-gui--askpass'
Password for 'https://github.com/':
